---
source: src/interp/token.rs
expression: tokens
---
[
    Tk {
        tk_type: SOI,
        wd: WordDesc {
            text: "",
            span: Span {
                start: 0,
                end: 0,
            },
            flags: WdFlags(
                0x0,
            ),
        },
    },
    Tk {
        tk_type: Ident,
        wd: WordDesc {
            text: "echo",
            span: Span {
                start: 0,
                end: 4,
            },
            flags: WdFlags(
                BUILTIN,
            ),
        },
    },
    Tk {
        tk_type: String,
        wd: WordDesc {
            text: "pagedmov",
            span: Span {
                start: 5,
                end: 13,
            },
            flags: WdFlags(
                IS_ARG,
            ),
        },
    },
]
